<html>
<body>
<pre>
<h1>µVision Build Log</h1>
<h2>Tool Versions:</h2>
IDE-Version: ¦ÌVision V5.38.0.0
Copyright (C) 2022 ARM Ltd and ARM Germany GmbH. All rights reserved.
License Information: yu yu, yu, LIC=YA39H-WLKQP-TGB7T-RFZ1B-QL629-JQCG0
 
Tool Versions:
Toolchain:       MDK-ARM Plus  Version: 5.38.0.0
Toolchain Path:  D:\Keil_App\ARM\ARMCC\Bin
C Compiler:      Armcc.exe V5.06 update 7 (build 960)
Assembler:       Armasm.exe V5.06 update 7 (build 960)
Linker/Locator:  ArmLink.exe V5.06 update 7 (build 960)
Library Manager: ArmAr.exe V5.06 update 7 (build 960)
Hex Converter:   FromElf.exe V5.06 update 7 (build 960)
CPU DLL:         SARMCM3.DLL V5.38.0.0
Dialog DLL:      DCM.DLL V1.17.5.0
Target DLL:      CMSIS_AGDI.dll V1.33.15.0
Dialog DLL:      TCM.DLL V1.56.4.0
 
<h2>Project:</h2>
D:\LanQiaoBei\timu1\MDK-ARM\project1.uvprojx
Project File Date:  03/24/2025

<h2>Output:</h2>
*** Using Compiler 'V5.06 update 7 (build 960)', folder: 'D:\Keil_App\ARM\ARMCC\Bin'
Rebuild target 'project1'
assembling startup_stm32g431xx.s...
compiling tim.c...
compiling stm32g4xx_it.c...
compiling stm32g4xx_hal_msp.c...
compiling main.c...
../bsp/led.h(7): warning:  #1-D: last line of file ends without a newline
  #endif
../bsp/interrupt.h(17): warning:  #1-D: last line of file ends without a newline
  #endif
../Core/Src/main.c(35): warning:  #1295-D: Deprecated declaration key_proc - give arg types
  void key_proc();
../Core/Src/main.c(36): warning:  #1295-D: Deprecated declaration disp_proc - give arg types
  void disp_proc();
../Core/Src/main.c: 4 warnings, 0 errors
compiling gpio.c...
compiling stm32g4xx_hal_rcc.c...
compiling stm32g4xx_hal.c...
compiling stm32g4xx_hal_rcc_ex.c...
compiling stm32g4xx_hal_pwr_ex.c...
compiling stm32g4xx_hal_tim_ex.c...
compiling stm32g4xx_hal_tim.c...
compiling stm32g4xx_hal_flash_ramfunc.c...
compiling stm32g4xx_hal_flash_ex.c...
compiling stm32g4xx_hal_exti.c...
compiling stm32g4xx_hal_flash.c...
compiling system_stm32g4xx.c...
compiling stm32g4xx_hal_gpio.c...
compiling stm32g4xx_hal_cortex.c...
compiling stm32g4xx_hal_pwr.c...
compiling stm32g4xx_hal_dma_ex.c...
compiling stm32g4xx_hal_dma.c...
compiling led.c...
..\bsp\led.h(7): warning:  #1-D: last line of file ends without a newline
  #endif
..\bsp\led.c(9): warning:  #1-D: last line of file ends without a newline
  }
..\bsp\led.c: 2 warnings, 0 errors
compiling interrupt.c...
..\bsp\interrupt.h(17): warning:  #1-D: last line of file ends without a newline
  #endif
..\bsp\interrupt.c(60): warning:  #1-D: last line of file ends without a newline
  }
..\bsp\interrupt.c: 2 warnings, 0 errors
compiling lcd.c...
linking...
Program Size: Code=7640 RO-data=5220 RW-data=28 ZI-data=1740  
FromELF: creating hex file...
"project1\project1.axf" - 0 Error(s), 8 Warning(s).

<h2>Software Packages used:</h2>

Package Vendor: ARM
                http://www.keil.com/pack/ARM.CMSIS.5.9.0.pack
                ARM.CMSIS.5.9.0
                CMSIS (Common Microcontroller Software Interface Standard)
   * Component: CORE Version: 5.6.0

Package Vendor: Keil
                https://www.keil.com/pack/Keil.STM32G4xx_DFP.2.0.0.pack
                Keil.STM32G4xx_DFP.2.0.0
                STMicroelectronics STM32G4 Series Device Support

<h2>Collection of Component include folders:</h2>
  ./RTE/_project1
  C:/Users/admin/AppData/Local/Arm/Packs/ARM/CMSIS/5.9.0/CMSIS/Core/Include

<h2>Collection of Component Files used:</h2>

   * Component: ARM::CMSIS:CORE:5.6.0
      Include file:  CMSIS/Core/Include/tz_context.h
Build Time Elapsed:  00:00:25
</pre>
</body>
</html>
